[
  {
    "contribution": NaN,
    "idCode": "daxL@@QdfufjX@@",
    "idHose": "none",
    "intensity": 100,
    "matches": [
      [
        {
          "em": 116.04734411655001,
          "hose": "none",
          "idCode": "daxL@@QdfufjX@@",
          "mf": "C5H8O3",
          "ms": 117.05462056887094,
          "neutralLoss": "none",
          "ppm": -0.004859876032678206
        }
      ]
    ],
    "unique": true
  },
  {
    "contribution": 0,
    "idCode": "gNp`@tf]Zi@@",
    "idHose": "daxL@@QdfuijX@xPJBJCvAFXV_hb@~UTNET eFHBLGBTEP_hhOeUNET gC``@dff@xPhIP^`c}D`_JjNET gGP`@dfvZ`NDJBTGlHvGOtRA|jhxUP gJP`@dfyhCaB`eAyBMgzI@~UT\\Jh",
    "intensity": 20,
    "matches": [
      [
        {
          "em": 70.04186481295001,
          "hose": [
            "eFHBLGBTEP_hhOeUNET",
            "gC``@dff@xPhIP^`c}D`_JjNET",
            "gJP`@dfyhCaB`eAyBMgzI@~UT\\Jh",
            "gGP`@dfvZ`NDJBTGlHvGOtRA|jhxUP",
            "daxL@@QdfuijX@xPJBJCvAFXV_hb@~UTNET"
          ],
          "idCode": "gNp`@tf]Zi@@",
          "mf": "C4H6O",
          "ms": 71.04914126527095,
          "neutralLoss": "(H2CO)-1",
          "ppm": 7.5825649607296395
        },
        {
          "em": 70.04186481295,
          "hose": [
            "eF@Hp\\IPUA~b`xUTxUP",
            "gJP`@dfvhCaR`uAz[OtRQpjlxUP",
            "gGP`@dfuj`NEJCTGlhvGOtRQpjlxUP",
            "daxL@@QdfufjX@xRJCJCvIFXV_hbPxUVNET",
            "daxL@@QdfufjX@XRJCJC}DRGBjqpj`"
          ],
          "idCode": "gGQHBEeIVjX@",
          "mf": "C4H6O",
          "ms": 71.04914126527093,
          "neutralLoss": "H-1",
          "ppm": 7.5825649609296555
        }
      ]
    ],
    "unique": false
  },
  {
    "contribution": 0.33333333333333337,
    "idCode": "eMDARV@",
    "idHose": "daxL@@QdfufjX@XRJCJC}DRGBjqpj` daxL@@QdfufjX@xRJCJCvIFXV_hbPxUVNET eF@Hp\\IPUA~b`xUTxUP gGP`@dfuj`NEJCTGlhvGOtRQpjlxUP gJP`@dfvhCaR`uAz[OtRQpjlxUP",
    "intensity": 40,
    "matches": [
      [
        {
          "em": 44.997654271369996,
          "hose": [
            "eF@Hp\\IPUA~b`xUTxUP",
            "gJP`@dfvhCaR`uAz[OtRQpjlxUP",
            "gGP`@dfuj`NEJCTGlhvGOtRQpjlxUP",
            "daxL@@QdfufjX@xRJCJCvIFXV_hbPxUVNET",
            "daxL@@QdfufjX@XRJCJC}DRGBjqpj`"
          ],
          "idCode": "eMDARV@",
          "mf": "CHO2",
          "ms": 46.004930723690926,
          "neutralLoss": "H-1",
          "ppm": 11.93950953587694
        }
      ]
    ],
    "unique": true
  },
  {
    "contribution": 0,
    "idCode": "gC``@dfZ@@",
    "idHose": "daxL@@QdfufjX@XSJ@jC}DSGBjIpj` daxL@@QdfufjX@XSJ@jC}DSGBjIpj` daxL@@QdfufjX@xSJ@jCrYaY~bIcaUDxUP eF@Hp\\IPUA~b`xUTxUP gC`@Dij@xPhIP^PrY~bPNEUGBj@",
    "intensity": 20,
    "matches": [
      [
        {
          "em": 58.005479303600005,
          "hose": [
            "eF@Hp\\IPUA~b`xUTxUP",
            "gC`@Dij@xPhIP^PrY~bPNEUGBj@",
            "daxL@@QdfufjX@xSJ@jCrYaY~bIcaUDxUP",
            "daxL@@QdfufjX@XSJ@jC}DSGBjIpj`",
            "daxL@@QdfufjX@XSJ@jC}DSGBjIpj`"
          ],
          "idCode": "gC``@dfZ@@",
          "mf": "C2H2O2",
          "ms": 59.012755755920935,
          "neutralLoss": "H-2",
          "ppm": 9.222482022648837
        }
      ]
    ],
    "unique": true
  },
  {
    "contribution": 0.6666666666666666,
    "idCode": "gJQHLEeIZf@@",
    "idHose": "daxL@@QdfufjX@XSJ@jC}DSGBjIpj` daxL@@QdfufjX@XSJ@jC}DSGBjIpj` daxL@@QdfufjX@xSJ@jCrYaY~bIcaUDxUP eF@Hp\\IPUA~b`xUTxUP gC`@Dij@xPhIP^PrY~bPNEUGBj@",
    "intensity": 60,
    "matches": [
      [
        {
          "em": 56.02621474848999,
          "hose": [
            "eF@Hp\\IPUA~b`xUTxUP",
            "gC`@Dij@xPhIP^PrY~bPNEUGBj@",
            "daxL@@QdfufjX@xSJ@jCrYaY~bIcaUDxUP",
            "daxL@@QdfufjX@XSJ@jC}DSGBjIpj`",
            "daxL@@QdfufjX@XSJ@jC}DSGBjIpj`"
          ],
          "idCode": "gJQHLEeIZf@@",
          "mf": "C3H4O",
          "ms": 57.03349120081092,
          "neutralLoss": "H-1",
          "ppm": 9.622402162682588
        },
        {
          "em": 56.026214748490005,
          "hose": [
            "eF@Hp\\IPUA~b`xUTxUP",
            "gCa@@dsPGBe@jCtW_hdcaUIpj`",
            "gJQ@@dvu@\\JTBhOI]lQIGBjSaU@",
            "gGQ@@dvmTApiPJ`}evpy~bRNETgBj@",
            "daxL@@[dfufjX@xRJAJCvIvXV_hbPxURNET"
          ],
          "idCode": "gNq`@fdvkUH@",
          "mf": "C3H4O",
          "ms": 57.033491200810936,
          "neutralLoss": "(H2COO)-1",
          "ppm": 9.622402162433417
        }
      ]
    ],
    "unique": false
  },
  {
    "contribution": 1,
    "idCode": "gCaHDEeIi`@",
    "idHose": "daxL@@[df]fjX@XRJAJC}DRGBjQpj` daxL@@[df]fjX@xRJAJCvIf\\V_hbPxURNET eF@Hp\\IPUA~b`xUTxUP gGQ@@dsmTApiPJ`}efxy~bRNETgBj@ gJQ@@dru@\\JTBhOQY~bRNETgBj@",
    "intensity": 80,
    "matches": [
      [
        {
          "em": 41.002739651800006,
          "hose": [
            "eF@Hp\\IPUA~b`xUTxUP",
            "gJQ@@dru@\\JTBhOQY~bRNETgBj@",
            "gGQ@@dsmTApiPJ`}efxy~bRNETgBj@",
            "daxL@@[df]fjX@xRJAJCvIf\\V_hbPxURNET",
            "daxL@@[df]fjX@XRJAJC}DRGBjQpj`"
          ],
          "idCode": "gCaHDEeIi`@",
          "mf": "C2HO",
          "ms": 42.010016104120936,
          "neutralLoss": "H-2",
          "ppm": 12.946814343369255
        }
      ]
    ],
    "unique": true
  }
]
